---
source: tests/test_java.rs
info:
  program: log2src
  args:
    - "-d"
    - tests/java/BasicSlf4j.java
    - "-l"
    - tests/resources/java/basic-slf4j.log
    - "-f"
    - "^(?<timestamp>\\d{4}-\\d{2}-\\d{2} \\d{2}:\\d{2}:\\d{2}) (?<body>.*)$"
---
success: true
exit_code: 0
----- stdout -----
{"srcRef":{"sourcePath":"{java_dir}/BasicSlf4j.java","language":"Java","lineNumber":10,"endLineNumber":10,"column":20,"name":"main","text":"\"Application starting\"","pattern":"^Application starting$","args":[],"vars":[]},"variables":[]}
{"srcRef":{"sourcePath":"{java_dir}/BasicSlf4j.java","language":"Java","lineNumber":12,"endLineNumber":13,"column":21,"name":"main","text":"\"Debug message: args length = {}\"","pattern":"^Debug message: args length = (.+)$","args":["Placeholder"],"vars":["args.length"]},"variables":[{"expr":"args.length","value":"0"}]}

----- stderr -----
