---
source: tests/test_java.rs
info:
  program: log2src
  args:
    - "-d"
    - tests/java/BasicWithCustom.java
    - "-l"
    - tests/resources/java/basic-class-line.log
    - "-f"
    - "^(?<timestamp>\\d{4}-\\d{2}-\\d{2} \\d{2}:\\d{2}:\\d{2}) (?<level>\\w+) (?<file>[\\w$.]+):(?<line>\\d+) (?<method>[\\w$]+): (?<body>.*)$"
---
success: true
exit_code: 0
----- stdout -----
{"srcRef":{"sourcePath":"tests/java/BasicWithCustom.java","lineNumber":15,"column":16,"name":"main","text":"\"Hello from main\"","args":[],"vars":[]},"variables":{},"stack":[]}
{"srcRef":{"sourcePath":"tests/java/BasicWithCustom.java","lineNumber":22,"column":20,"name":"foo","text":"\"Hello from foo i=\\{i}\"","args":["Placeholder"],"vars":["i"]},"variables":{"i":"0"},"stack":[]}
{"srcRef":{"sourcePath":"tests/java/BasicWithCustom.java","lineNumber":22,"column":20,"name":"foo","text":"\"Hello from foo i=\\{i}\"","args":["Placeholder"],"vars":["i"]},"variables":{"i":"1"},"stack":[]}
{"srcRef":{"sourcePath":"tests/java/BasicWithCustom.java","lineNumber":22,"column":20,"name":"foo","text":"\"Hello from foo i=\\{i}\"","args":["Placeholder"],"vars":["i"]},"variables":{"i":"2"},"stack":[]}

----- stderr -----
