---
source: tests/test_java.rs
info:
  program: log2src
  args:
    - "-d"
    - tests/java/Basic.java
    - "-l"
    - tests/resources/java/basic.log
    - "-f"
    - "\\d{4}-\\d{2}-\\d{2} \\d{2}:\\d{2}:\\d{2} \\w+ \\w+ \\w+: (?<body>.*)"
    - "-s"
    - "1"
    - "-c"
    - "2"
---
success: true
exit_code: 0
----- stdout -----
{"logRef":{},"srcRef":{"sourcePath":"{java_dir}/Basic.java","language":"Java","lineNumber":25,"endLineNumber":25,"column":20,"name":"foo","text":"\"Hello from foo i=\\{i}\"","quality":14,"pattern":"(?s)^Hello from foo i=(.+)$","args":[{"Named":"i"}],"vars":[]},"variables":[{"expr":"i","value":"0"}]}
{"logRef":{},"srcRef":{"sourcePath":"{java_dir}/Basic.java","language":"Java","lineNumber":25,"endLineNumber":25,"column":20,"name":"foo","text":"\"Hello from foo i=\\{i}\"","quality":14,"pattern":"(?s)^Hello from foo i=(.+)$","args":[{"Named":"i"}],"vars":[]},"variables":[{"expr":"i","value":"1"}]}

----- stderr -----
