---
source: src/source_hier.rs
expression: events
---
- NewFile:
    - test_rust.rs
    - language: Rust
      id: 7
- NewFile:
    - test_java.rs
    - language: Rust
      id: 6
- NewFile:
    - BasicWithUpper.java
    - language: Java
      id: 5
- NewFile:
    - BasicWithLog.java
    - language: Java
      id: 4
- NewFile:
    - BasicWithCustom.java
    - language: Java
      id: 3
- NewFile:
    - BasicSlf4j.java
    - language: Java
      id: 2
- NewFile:
    - Basic.java
    - language: Java
      id: 1
- NewFile:
    - mod.rs
    - language: Rust
      id: 0
